../Core/Src/main.c:182:6:SystemClock_Config	72	static,ignoring_inline_asm
../Core/Src/main.c:218:6:HAL_usDelay	24	static
../Core/Src/main.c:239:6:HAL_msDelay	16	static
../Core/Src/main.c:249:6:my_SDA_IN	24	static
../Core/Src/main.c:260:6:my_SDA_OUT	24	static
../Core/Src/main.c:270:6:IIC_Init	8	static
../Core/Src/main.c:278:6:IIC_Start	8	static
../Core/Src/main.c:289:6:IIC_Stop	8	static
../Core/Src/main.c:300:9:IIC_Wait_Ack	16	static
../Core/Src/main.c:319:6:IIC_Ack	8	static
../Core/Src/main.c:330:6:IIC_NAck	8	static
../Core/Src/main.c:342:6:IIC_Send_Byte	16	static
../Core/Src/main.c:362:9:IIC_Read_Byte	24	static
../Core/Src/main.c:382:9:IIC_WriteNumByte	16	static
../Core/Src/main.c:415:9:IIC_ReadNumByte	16	static
../Core/Src/main.c:442:9:IIC_WriteNumByte_NSA	24	static
../Core/Src/main.c:484:9:IIC_ReadNumByte_NSA	24	static
../Core/Src/main.c:534:9:M5803_IsBusy	16	static
../Core/Src/main.c:542:6:M5803_get_cal	24	static
../Core/Src/main.c:572:6:M5803_get_cal_NSA	24	static
../Core/Src/main.c:596:6:WE_converted	24	static
../Core/Src/main.c:126:5:main	16	static
../Core/Src/main.c:623:9:func_tca9548a_select	8	static
../Core/Src/main.c:647:9:func_tca9548a_read_ch	8	static
../Core/Src/main.c:668:9:func_tca9548a_live	8	static
../Core/Src/main.c:687:6:Error_Handler	0	static,ignoring_inline_asm
